// Jest Snapshot v1, https://goo.gl/fbAQLP

exports[`on initial  page 1`] = `
<div
  className="loader"
>
  <img
    alt="Loading..."
    src="spinner.gif"
  />
</div>
`;
